// Jest Snapshot v1, https://goo.gl/fbAQLP

exports[`SignUp should math the snapshot 1`] = `
ShallowWrapper {
  "length": 1,
  Symbol(enzyme.__root__): [Circular],
  Symbol(enzyme.__unrendered__): <SignUp
    history={
        Object {
            "push": [Function],
          }
    }
/>,
  Symbol(enzyme.__renderer__): Object {
    "batchedUpdates": [Function],
    "getNode": [Function],
    "render": [Function],
    "simulateEvent": [Function],
    "unmount": [Function],
  },
  Symbol(enzyme.__node__): Object {
    "instance": null,
    "key": undefined,
    "nodeType": "host",
    "props": Object {
      "children": <div
        className="signup-div"
>
        <input
                name="username"
                onChange={[Function]}
                placeholder="Username"
                type="text"
                value=""
        />
        <input
                name="email"
                onChange={[Function]}
                placeholder="Email Address"
                type="text"
                value=""
        />
        <input
                name="passwordOne"
                onChange={[Function]}
                placeholder="Password"
                type="password"
                value=""
        />
        <input
                name="passwordTwo"
                onChange={[Function]}
                placeholder="Confirm Password"
                type="password"
                value=""
        />
        <button
                disabled={true}
                type="submit"
        >
                Sign Up
        </button>
</div>,
      "className": "signup-form",
      "onSubmit": [Function],
    },
    "ref": null,
    "rendered": Object {
      "instance": null,
      "key": undefined,
      "nodeType": "host",
      "props": Object {
        "children": Array [
          <input
            name="username"
            onChange={[Function]}
            placeholder="Username"
            type="text"
            value=""
/>,
          <input
            name="email"
            onChange={[Function]}
            placeholder="Email Address"
            type="text"
            value=""
/>,
          <input
            name="passwordOne"
            onChange={[Function]}
            placeholder="Password"
            type="password"
            value=""
/>,
          <input
            name="passwordTwo"
            onChange={[Function]}
            placeholder="Confirm Password"
            type="password"
            value=""
/>,
          <button
            disabled={true}
            type="submit"
>
            Sign Up
</button>,
          null,
        ],
        "className": "signup-div",
      },
      "ref": null,
      "rendered": Array [
        Object {
          "instance": null,
          "key": undefined,
          "nodeType": "host",
          "props": Object {
            "name": "username",
            "onChange": [Function],
            "placeholder": "Username",
            "type": "text",
            "value": "",
          },
          "ref": null,
          "rendered": null,
          "type": "input",
        },
        Object {
          "instance": null,
          "key": undefined,
          "nodeType": "host",
          "props": Object {
            "name": "email",
            "onChange": [Function],
            "placeholder": "Email Address",
            "type": "text",
            "value": "",
          },
          "ref": null,
          "rendered": null,
          "type": "input",
        },
        Object {
          "instance": null,
          "key": undefined,
          "nodeType": "host",
          "props": Object {
            "name": "passwordOne",
            "onChange": [Function],
            "placeholder": "Password",
            "type": "password",
            "value": "",
          },
          "ref": null,
          "rendered": null,
          "type": "input",
        },
        Object {
          "instance": null,
          "key": undefined,
          "nodeType": "host",
          "props": Object {
            "name": "passwordTwo",
            "onChange": [Function],
            "placeholder": "Confirm Password",
            "type": "password",
            "value": "",
          },
          "ref": null,
          "rendered": null,
          "type": "input",
        },
        Object {
          "instance": null,
          "key": undefined,
          "nodeType": "host",
          "props": Object {
            "children": "Sign Up",
            "disabled": true,
            "type": "submit",
          },
          "ref": null,
          "rendered": "Sign Up",
          "type": "button",
        },
        null,
      ],
      "type": "div",
    },
    "type": "form",
  },
  Symbol(enzyme.__nodes__): Array [
    Object {
      "instance": null,
      "key": undefined,
      "nodeType": "host",
      "props": Object {
        "children": <div
          className="signup-div"
>
          <input
                    name="username"
                    onChange={[Function]}
                    placeholder="Username"
                    type="text"
                    value=""
          />
          <input
                    name="email"
                    onChange={[Function]}
                    placeholder="Email Address"
                    type="text"
                    value=""
          />
          <input
                    name="passwordOne"
                    onChange={[Function]}
                    placeholder="Password"
                    type="password"
                    value=""
          />
          <input
                    name="passwordTwo"
                    onChange={[Function]}
                    placeholder="Confirm Password"
                    type="password"
                    value=""
          />
          <button
                    disabled={true}
                    type="submit"
          >
                    Sign Up
          </button>
</div>,
        "className": "signup-form",
        "onSubmit": [Function],
      },
      "ref": null,
      "rendered": Object {
        "instance": null,
        "key": undefined,
        "nodeType": "host",
        "props": Object {
          "children": Array [
            <input
              name="username"
              onChange={[Function]}
              placeholder="Username"
              type="text"
              value=""
/>,
            <input
              name="email"
              onChange={[Function]}
              placeholder="Email Address"
              type="text"
              value=""
/>,
            <input
              name="passwordOne"
              onChange={[Function]}
              placeholder="Password"
              type="password"
              value=""
/>,
            <input
              name="passwordTwo"
              onChange={[Function]}
              placeholder="Confirm Password"
              type="password"
              value=""
/>,
            <button
              disabled={true}
              type="submit"
>
              Sign Up
</button>,
            null,
          ],
          "className": "signup-div",
        },
        "ref": null,
        "rendered": Array [
          Object {
            "instance": null,
            "key": undefined,
            "nodeType": "host",
            "props": Object {
              "name": "username",
              "onChange": [Function],
              "placeholder": "Username",
              "type": "text",
              "value": "",
            },
            "ref": null,
            "rendered": null,
            "type": "input",
          },
          Object {
            "instance": null,
            "key": undefined,
            "nodeType": "host",
            "props": Object {
              "name": "email",
              "onChange": [Function],
              "placeholder": "Email Address",
              "type": "text",
              "value": "",
            },
            "ref": null,
            "rendered": null,
            "type": "input",
          },
          Object {
            "instance": null,
            "key": undefined,
            "nodeType": "host",
            "props": Object {
              "name": "passwordOne",
              "onChange": [Function],
              "placeholder": "Password",
              "type": "password",
              "value": "",
            },
            "ref": null,
            "rendered": null,
            "type": "input",
          },
          Object {
            "instance": null,
            "key": undefined,
            "nodeType": "host",
            "props": Object {
              "name": "passwordTwo",
              "onChange": [Function],
              "placeholder": "Confirm Password",
              "type": "password",
              "value": "",
            },
            "ref": null,
            "rendered": null,
            "type": "input",
          },
          Object {
            "instance": null,
            "key": undefined,
            "nodeType": "host",
            "props": Object {
              "children": "Sign Up",
              "disabled": true,
              "type": "submit",
            },
            "ref": null,
            "rendered": "Sign Up",
            "type": "button",
          },
          null,
        ],
        "type": "div",
      },
      "type": "form",
    },
  ],
  Symbol(enzyme.__options__): Object {
    "adapter": ReactSixteenAdapter {
      "options": Object {
        "enableComponentDidUpdateOnSetState": true,
      },
    },
  },
}
`;
