// Jest Snapshot v1, https://goo.gl/fbAQLP

exports[`Header should math the snapshot 1`] = `
ShallowWrapper {
  "length": 1,
  Symbol(enzyme.__root__): [Circular],
  Symbol(enzyme.__unrendered__): <Header
    addRestaurants={[Function]}
    history={
        Object {
            "push": [Function],
          }
    }
    locationOff={[Function]}
    restaurants={
        Array [
            Object {
              "apiKey": "aa1163f8eb68a8f7144247b91fbcb2f39e65e39821ec08a9",
              "city": "Lakewood",
              "deliveryMin": 12,
              "foodTypes": "Pizza",
              "hours": Object {
                "Friday": "11:00 AM - 3:00 AM",
                "Monday": "11:00 AM - 3:00 AM",
                "Saturday": "11:00 AM - 3:00 AM",
                "Sunday": "11:00 AM - 3:00 AM",
                "Thursday": "11:00 AM - 3:00 AM",
                "Tuesday": "11:00 AM - 3:00 AM",
                "Wednesday": "11:00 AM - 3:00 AM",
              },
              "logoUrl": "https://eatstreet-static.s3.amazonaws.com/assets/images/restaurant_logos/big-daddys-pizza-lakewood-21135_1407868711096.png",
              "minFreeDelivery": 0,
              "name": "Big Daddy's Pizza - Lakewood",
              "offersDelivery": false,
              "phone": "(303) 736-6090",
              "state": "CO",
              "streetAddress": "850 Wadsworth Blvd",
              "url": "https://eatstreet.com/lakewood-co/restaurants/big-daddys-pizza-lakewood",
              "zip": "80214",
            },
            Object {
              "apiKey": "aa1163f8eb68a8f7144247b91fbcb2f39e65e39821ec08a9",
              "city": "Lakewood",
              "deliveryMin": 12,
              "foodTypes": "Pizza",
              "hours": Object {
                "Friday": "11:00 AM - 3:00 AM",
                "Monday": "11:00 AM - 3:00 AM",
                "Saturday": "11:00 AM - 3:00 AM",
                "Sunday": "11:00 AM - 3:00 AM",
                "Thursday": "11:00 AM - 3:00 AM",
                "Tuesday": "11:00 AM - 3:00 AM",
                "Wednesday": "11:00 AM - 3:00 AM",
              },
              "logoUrl": "https://eatstreet-static.s3.amazonaws.com/assets/images/restaurant_logos/big-daddys-pizza-lakewood-21135_1407868711096.png",
              "minFreeDelivery": 0,
              "name": "Big Daddy's Pizza - Lakewood",
              "offersDelivery": false,
              "phone": "(303) 736-6090",
              "state": "CO",
              "streetAddress": "850 Wadsworth Blvd",
              "url": "https://eatstreet.com/lakewood-co/restaurants/big-daddys-pizza-lakewood",
              "zip": "80214",
            },
          ]
    }
/>,
  Symbol(enzyme.__renderer__): Object {
    "batchedUpdates": [Function],
    "getNode": [Function],
    "render": [Function],
    "simulateEvent": [Function],
    "unmount": [Function],
  },
  Symbol(enzyme.__node__): Object {
    "instance": null,
    "key": undefined,
    "nodeType": "host",
    "props": Object {
      "children": Array [
        <img
          alt="logo"
          className="logo"
          src="logo.png"
/>,
        <p
          className="location"
>
          <img
                    alt="logo"
                    className="location-logo"
                    src="location.png"
          />
          Lakewood
          , 
          CO
</p>,
        <form
          onSubmit={[Function]}
>
          <input
                    className="header-input"
                    onChange={[Function]}
                    placeholder="Enter city or zip code"
                    type="text"
                    value=""
          />
</form>,
        <div
          className="navigation"
>
          <NavLink
                    activeClassName="active"
                    ariaCurrent="true"
                    className="header-link"
                    to="/signin"
          >
                    Sign In
          </NavLink>
</div>,
      ],
      "className": "header",
    },
    "ref": null,
    "rendered": Array [
      Object {
        "instance": null,
        "key": undefined,
        "nodeType": "host",
        "props": Object {
          "alt": "logo",
          "className": "logo",
          "src": "logo.png",
        },
        "ref": null,
        "rendered": null,
        "type": "img",
      },
      Object {
        "instance": null,
        "key": undefined,
        "nodeType": "host",
        "props": Object {
          "children": Array [
            <img
              alt="logo"
              className="location-logo"
              src="location.png"
/>,
            "Lakewood",
            ", ",
            "CO",
          ],
          "className": "location",
        },
        "ref": null,
        "rendered": Array [
          Object {
            "instance": null,
            "key": undefined,
            "nodeType": "host",
            "props": Object {
              "alt": "logo",
              "className": "location-logo",
              "src": "location.png",
            },
            "ref": null,
            "rendered": null,
            "type": "img",
          },
          "Lakewood",
          ", ",
          "CO",
        ],
        "type": "p",
      },
      Object {
        "instance": null,
        "key": undefined,
        "nodeType": "host",
        "props": Object {
          "children": <input
            className="header-input"
            onChange={[Function]}
            placeholder="Enter city or zip code"
            type="text"
            value=""
/>,
          "onSubmit": [Function],
        },
        "ref": null,
        "rendered": Object {
          "instance": null,
          "key": undefined,
          "nodeType": "host",
          "props": Object {
            "className": "header-input",
            "onChange": [Function],
            "placeholder": "Enter city or zip code",
            "type": "text",
            "value": "",
          },
          "ref": null,
          "rendered": null,
          "type": "input",
        },
        "type": "form",
      },
      Object {
        "instance": null,
        "key": undefined,
        "nodeType": "host",
        "props": Object {
          "children": <NavLink
            activeClassName="active"
            ariaCurrent="true"
            className="header-link"
            to="/signin"
>
            Sign In
</NavLink>,
          "className": "navigation",
        },
        "ref": null,
        "rendered": Object {
          "instance": null,
          "key": undefined,
          "nodeType": "function",
          "props": Object {
            "activeClassName": "active",
            "ariaCurrent": "true",
            "children": "Sign In",
            "className": "header-link",
            "to": "/signin",
          },
          "ref": null,
          "rendered": "Sign In",
          "type": [Function],
        },
        "type": "div",
      },
    ],
    "type": "div",
  },
  Symbol(enzyme.__nodes__): Array [
    Object {
      "instance": null,
      "key": undefined,
      "nodeType": "host",
      "props": Object {
        "children": Array [
          <img
            alt="logo"
            className="logo"
            src="logo.png"
/>,
          <p
            className="location"
>
            <img
                        alt="logo"
                        className="location-logo"
                        src="location.png"
            />
            Lakewood
            , 
            CO
</p>,
          <form
            onSubmit={[Function]}
>
            <input
                        className="header-input"
                        onChange={[Function]}
                        placeholder="Enter city or zip code"
                        type="text"
                        value=""
            />
</form>,
          <div
            className="navigation"
>
            <NavLink
                        activeClassName="active"
                        ariaCurrent="true"
                        className="header-link"
                        to="/signin"
            >
                        Sign In
            </NavLink>
</div>,
        ],
        "className": "header",
      },
      "ref": null,
      "rendered": Array [
        Object {
          "instance": null,
          "key": undefined,
          "nodeType": "host",
          "props": Object {
            "alt": "logo",
            "className": "logo",
            "src": "logo.png",
          },
          "ref": null,
          "rendered": null,
          "type": "img",
        },
        Object {
          "instance": null,
          "key": undefined,
          "nodeType": "host",
          "props": Object {
            "children": Array [
              <img
                alt="logo"
                className="location-logo"
                src="location.png"
/>,
              "Lakewood",
              ", ",
              "CO",
            ],
            "className": "location",
          },
          "ref": null,
          "rendered": Array [
            Object {
              "instance": null,
              "key": undefined,
              "nodeType": "host",
              "props": Object {
                "alt": "logo",
                "className": "location-logo",
                "src": "location.png",
              },
              "ref": null,
              "rendered": null,
              "type": "img",
            },
            "Lakewood",
            ", ",
            "CO",
          ],
          "type": "p",
        },
        Object {
          "instance": null,
          "key": undefined,
          "nodeType": "host",
          "props": Object {
            "children": <input
              className="header-input"
              onChange={[Function]}
              placeholder="Enter city or zip code"
              type="text"
              value=""
/>,
            "onSubmit": [Function],
          },
          "ref": null,
          "rendered": Object {
            "instance": null,
            "key": undefined,
            "nodeType": "host",
            "props": Object {
              "className": "header-input",
              "onChange": [Function],
              "placeholder": "Enter city or zip code",
              "type": "text",
              "value": "",
            },
            "ref": null,
            "rendered": null,
            "type": "input",
          },
          "type": "form",
        },
        Object {
          "instance": null,
          "key": undefined,
          "nodeType": "host",
          "props": Object {
            "children": <NavLink
              activeClassName="active"
              ariaCurrent="true"
              className="header-link"
              to="/signin"
>
              Sign In
</NavLink>,
            "className": "navigation",
          },
          "ref": null,
          "rendered": Object {
            "instance": null,
            "key": undefined,
            "nodeType": "function",
            "props": Object {
              "activeClassName": "active",
              "ariaCurrent": "true",
              "children": "Sign In",
              "className": "header-link",
              "to": "/signin",
            },
            "ref": null,
            "rendered": "Sign In",
            "type": [Function],
          },
          "type": "div",
        },
      ],
      "type": "div",
    },
  ],
  Symbol(enzyme.__options__): Object {
    "adapter": ReactSixteenAdapter {
      "options": Object {
        "enableComponentDidUpdateOnSetState": true,
      },
    },
  },
}
`;
