// Jest Snapshot v1, https://goo.gl/fbAQLP

exports[`SignOut should math the snapshot 1`] = `undefined`;
