// Jest Snapshot v1, https://goo.gl/fbAQLP

exports[`SignIn should math the snapshot 1`] = `
ShallowWrapper {
  "length": 1,
  Symbol(enzyme.__root__): [Circular],
  Symbol(enzyme.__unrendered__): <SignIn
    history={
        Object {
            "push": [Function],
          }
    }
/>,
  Symbol(enzyme.__renderer__): Object {
    "batchedUpdates": [Function],
    "getNode": [Function],
    "render": [Function],
    "simulateEvent": [Function],
    "unmount": [Function],
  },
  Symbol(enzyme.__node__): Object {
    "instance": null,
    "key": undefined,
    "nodeType": "host",
    "props": Object {
      "children": Array [
        <div
          className="close-div"
>
          <Link
                    className="close-btn"
                    replace={false}
                    to="/"
          >
                    X
          </Link>
</div>,
        <h1>
          Sign In
</h1>,
        <div
          className="signin-div"
>
          <input
                    name="email"
                    onChange={[Function]}
                    placeholder="Email Address"
                    type="text"
                    value=""
          />
          <input
                    name="password"
                    onChange={[Function]}
                    placeholder="Password"
                    type="password"
                    value=""
          />
          <button
                    className="signin-button"
                    disabled={true}
                    type="submit"
          >
                    Sign In
          </button>
          <div
                    className="error-div"
          />
          <Unknown />
</div>,
      ],
      "className": "signin-form",
      "onSubmit": [Function],
    },
    "ref": null,
    "rendered": Array [
      Object {
        "instance": null,
        "key": undefined,
        "nodeType": "host",
        "props": Object {
          "children": <Link
            className="close-btn"
            replace={false}
            to="/"
>
            X
</Link>,
          "className": "close-div",
        },
        "ref": null,
        "rendered": Object {
          "instance": null,
          "key": undefined,
          "nodeType": "class",
          "props": Object {
            "children": "X",
            "className": "close-btn",
            "replace": false,
            "to": "/",
          },
          "ref": null,
          "rendered": "X",
          "type": [Function],
        },
        "type": "div",
      },
      Object {
        "instance": null,
        "key": undefined,
        "nodeType": "host",
        "props": Object {
          "children": "Sign In",
        },
        "ref": null,
        "rendered": "Sign In",
        "type": "h1",
      },
      Object {
        "instance": null,
        "key": undefined,
        "nodeType": "host",
        "props": Object {
          "children": Array [
            <input
              name="email"
              onChange={[Function]}
              placeholder="Email Address"
              type="text"
              value=""
/>,
            <input
              name="password"
              onChange={[Function]}
              placeholder="Password"
              type="password"
              value=""
/>,
            <button
              className="signin-button"
              disabled={true}
              type="submit"
>
              Sign In
</button>,
            <div
              className="error-div"
/>,
            <Unknown />,
          ],
          "className": "signin-div",
        },
        "ref": null,
        "rendered": Array [
          Object {
            "instance": null,
            "key": undefined,
            "nodeType": "host",
            "props": Object {
              "name": "email",
              "onChange": [Function],
              "placeholder": "Email Address",
              "type": "text",
              "value": "",
            },
            "ref": null,
            "rendered": null,
            "type": "input",
          },
          Object {
            "instance": null,
            "key": undefined,
            "nodeType": "host",
            "props": Object {
              "name": "password",
              "onChange": [Function],
              "placeholder": "Password",
              "type": "password",
              "value": "",
            },
            "ref": null,
            "rendered": null,
            "type": "input",
          },
          Object {
            "instance": null,
            "key": undefined,
            "nodeType": "host",
            "props": Object {
              "children": "Sign In",
              "className": "signin-button",
              "disabled": true,
              "type": "submit",
            },
            "ref": null,
            "rendered": "Sign In",
            "type": "button",
          },
          Object {
            "instance": null,
            "key": undefined,
            "nodeType": "host",
            "props": Object {
              "children": null,
              "className": "error-div",
            },
            "ref": null,
            "rendered": null,
            "type": "div",
          },
          Object {
            "instance": null,
            "key": undefined,
            "nodeType": "function",
            "props": Object {},
            "ref": null,
            "rendered": null,
            "type": [Function],
          },
        ],
        "type": "div",
      },
    ],
    "type": "form",
  },
  Symbol(enzyme.__nodes__): Array [
    Object {
      "instance": null,
      "key": undefined,
      "nodeType": "host",
      "props": Object {
        "children": Array [
          <div
            className="close-div"
>
            <Link
                        className="close-btn"
                        replace={false}
                        to="/"
            >
                        X
            </Link>
</div>,
          <h1>
            Sign In
</h1>,
          <div
            className="signin-div"
>
            <input
                        name="email"
                        onChange={[Function]}
                        placeholder="Email Address"
                        type="text"
                        value=""
            />
            <input
                        name="password"
                        onChange={[Function]}
                        placeholder="Password"
                        type="password"
                        value=""
            />
            <button
                        className="signin-button"
                        disabled={true}
                        type="submit"
            >
                        Sign In
            </button>
            <div
                        className="error-div"
            />
            <Unknown />
</div>,
        ],
        "className": "signin-form",
        "onSubmit": [Function],
      },
      "ref": null,
      "rendered": Array [
        Object {
          "instance": null,
          "key": undefined,
          "nodeType": "host",
          "props": Object {
            "children": <Link
              className="close-btn"
              replace={false}
              to="/"
>
              X
</Link>,
            "className": "close-div",
          },
          "ref": null,
          "rendered": Object {
            "instance": null,
            "key": undefined,
            "nodeType": "class",
            "props": Object {
              "children": "X",
              "className": "close-btn",
              "replace": false,
              "to": "/",
            },
            "ref": null,
            "rendered": "X",
            "type": [Function],
          },
          "type": "div",
        },
        Object {
          "instance": null,
          "key": undefined,
          "nodeType": "host",
          "props": Object {
            "children": "Sign In",
          },
          "ref": null,
          "rendered": "Sign In",
          "type": "h1",
        },
        Object {
          "instance": null,
          "key": undefined,
          "nodeType": "host",
          "props": Object {
            "children": Array [
              <input
                name="email"
                onChange={[Function]}
                placeholder="Email Address"
                type="text"
                value=""
/>,
              <input
                name="password"
                onChange={[Function]}
                placeholder="Password"
                type="password"
                value=""
/>,
              <button
                className="signin-button"
                disabled={true}
                type="submit"
>
                Sign In
</button>,
              <div
                className="error-div"
/>,
              <Unknown />,
            ],
            "className": "signin-div",
          },
          "ref": null,
          "rendered": Array [
            Object {
              "instance": null,
              "key": undefined,
              "nodeType": "host",
              "props": Object {
                "name": "email",
                "onChange": [Function],
                "placeholder": "Email Address",
                "type": "text",
                "value": "",
              },
              "ref": null,
              "rendered": null,
              "type": "input",
            },
            Object {
              "instance": null,
              "key": undefined,
              "nodeType": "host",
              "props": Object {
                "name": "password",
                "onChange": [Function],
                "placeholder": "Password",
                "type": "password",
                "value": "",
              },
              "ref": null,
              "rendered": null,
              "type": "input",
            },
            Object {
              "instance": null,
              "key": undefined,
              "nodeType": "host",
              "props": Object {
                "children": "Sign In",
                "className": "signin-button",
                "disabled": true,
                "type": "submit",
              },
              "ref": null,
              "rendered": "Sign In",
              "type": "button",
            },
            Object {
              "instance": null,
              "key": undefined,
              "nodeType": "host",
              "props": Object {
                "children": null,
                "className": "error-div",
              },
              "ref": null,
              "rendered": null,
              "type": "div",
            },
            Object {
              "instance": null,
              "key": undefined,
              "nodeType": "function",
              "props": Object {},
              "ref": null,
              "rendered": null,
              "type": [Function],
            },
          ],
          "type": "div",
        },
      ],
      "type": "form",
    },
  ],
  Symbol(enzyme.__options__): Object {
    "adapter": ReactSixteenAdapter {
      "options": Object {
        "enableComponentDidUpdateOnSetState": true,
      },
    },
  },
}
`;
