// Jest Snapshot v1, https://goo.gl/fbAQLP

exports[`RestaurantsContainer should math the snapshot 1`] = `undefined`;
