// Jest Snapshot v1, https://goo.gl/fbAQLP

exports[`SignUpLink should math the snapshot 1`] = `
ShallowWrapper {
  "length": 1,
  Symbol(enzyme.__root__): [Circular],
  Symbol(enzyme.__unrendered__): <Unknown />,
  Symbol(enzyme.__renderer__): Object {
    "batchedUpdates": [Function],
    "getNode": [Function],
    "render": [Function],
    "simulateEvent": [Function],
    "unmount": [Function],
  },
  Symbol(enzyme.__node__): Object {
    "instance": null,
    "key": undefined,
    "nodeType": "host",
    "props": Object {
      "children": Array [
        "Don't have an account?",
        " ",
        <Link
          className="signup-link"
          replace={false}
          to="/signup"
>
          Sign Up
</Link>,
      ],
    },
    "ref": null,
    "rendered": Array [
      "Don't have an account?",
      " ",
      Object {
        "instance": null,
        "key": undefined,
        "nodeType": "class",
        "props": Object {
          "children": "Sign Up",
          "className": "signup-link",
          "replace": false,
          "to": "/signup",
        },
        "ref": null,
        "rendered": "Sign Up",
        "type": [Function],
      },
    ],
    "type": "p",
  },
  Symbol(enzyme.__nodes__): Array [
    Object {
      "instance": null,
      "key": undefined,
      "nodeType": "host",
      "props": Object {
        "children": Array [
          "Don't have an account?",
          " ",
          <Link
            className="signup-link"
            replace={false}
            to="/signup"
>
            Sign Up
</Link>,
        ],
      },
      "ref": null,
      "rendered": Array [
        "Don't have an account?",
        " ",
        Object {
          "instance": null,
          "key": undefined,
          "nodeType": "class",
          "props": Object {
            "children": "Sign Up",
            "className": "signup-link",
            "replace": false,
            "to": "/signup",
          },
          "ref": null,
          "rendered": "Sign Up",
          "type": [Function],
        },
      ],
      "type": "p",
    },
  ],
  Symbol(enzyme.__options__): Object {
    "adapter": ReactSixteenAdapter {
      "options": Object {
        "enableComponentDidUpdateOnSetState": true,
      },
    },
  },
}
`;
